// Vitest Snapshot v1, https://vitest.dev/guide/snapshot.html

exports[`Hello component > renders Magnificent Monkeys 1`] = `
<div>
  <button
    type="button"
  >
    Click me! 
  </button>
  <h1>
    Magnificent Monkeys
  </h1>
</div>
`;
